// Jest Snapshot v1, https://goo.gl/fbAQLP

exports[`<App /> renders without crashing 1`] = `
<BrowserRouter>
  <Switch>
    <Route
      component={[Function]}
      path="/signin"
    />
    <PrivateRoute
      component={[Function]}
      path="/dashboard"
    />
    <Route
      component={[Function]}
      path="*"
    />
  </Switch>
</BrowserRouter>
`;
